// Jest Snapshot v1, https://goo.gl/fbAQLP

exports[`ExBanner Rendering renders the container view 1`] = `ShallowWrapper {}`;
